// Jest Snapshot v1, https://goo.gl/fbAQLP

exports[`Calculator component renders correctly 1`] = `
<section
  className="container"
>
  <h2>
    Welcome to our page
  </h2>
  <p>
    Lorem ipsum dolor sit amet consectetur, adipisicing elit. Laborum magnam sapiente incidunt quaerat dolorum iusto assumenda nemo totam magni debitis aut, pariatur velit architecto amet neque odit minus, corporis qui. Tempora corrupti, vel magnam illo corporis veritatis a unde eum assumenda repudiandae distinctio exercitationem eaque rerum facilis quisquam reiciendis excepturi?
  </p>
  <p>
    Lorem ipsum dolor, sit amet consectetur adipisicing elit. Veniam, doloribus dolor animi omnis ad earum unde asperiores libero temporibus aut dignissimos quia eligendi nulla a quo vitae dicta laborum alias fugiat rerum. Dicta quo ducimus voluptate ea. Odio reiciendis, nemo vitae, nesciunt eos aperiam iusto nobis laborum quisquam nihil explicabo?
  </p>
</section>
`;
